Copyright 1986-2018 Xilinx, Inc. All Rights Reserved.
---------------------------------------------------------------------------------------------------------
| Tool Version : Vivado v.2018.3 (lin64) Build 2405991 Thu Dec  6 23:36:41 MST 2018
| Date         : Wed Nov  8 15:33:51 2023
| Host         : athanasi-laptop running 64-bit Debian GNU/Linux 12 (bookworm)
| Command      : report_control_sets -verbose -file FourDigitLEDdriverTextButton_control_sets_placed.rpt
| Design       : FourDigitLEDdriverTextButton
| Device       : xc7a100t
---------------------------------------------------------------------------------------------------------

Control Set Information

Table of Contents
-----------------
1. Summary
2. Histogram
3. Flip-Flop Distribution
4. Detailed Control Set Information

1. Summary
----------

+----------------------------------------------------------+-------+
|                          Status                          | Count |
+----------------------------------------------------------+-------+
| Number of unique control sets                            |     5 |
| Unused register locations in slices containing registers |    10 |
+----------------------------------------------------------+-------+


2. Histogram
------------

+--------+--------------+
| Fanout | Control Sets |
+--------+--------------+
|      4 |            1 |
|      6 |            1 |
|      8 |            1 |
|    16+ |            2 |
+--------+--------------+


3. Flip-Flop Distribution
-------------------------

+--------------+-----------------------+------------------------+-----------------+--------------+
| Clock Enable | Synchronous Set/Reset | Asynchronous Set/Reset | Total Registers | Total Slices |
+--------------+-----------------------+------------------------+-----------------+--------------+
| No           | No                    | No                     |               6 |            4 |
| No           | No                    | Yes                    |               8 |            3 |
| No           | Yes                   | No                     |              44 |           12 |
| Yes          | No                    | No                     |               0 |            0 |
| Yes          | No                    | Yes                    |               4 |            1 |
| Yes          | Yes                   | No                     |               0 |            0 |
+--------------+-----------------------+------------------------+-----------------+--------------+


4. Detailed Control Set Information
-----------------------------------

+---------------+---------------+---------------------------------+------------------+----------------+
|  Clock Signal | Enable Signal |         Set/Reset Signal        | Slice Load Count | Bel Load Count |
+---------------+---------------+---------------------------------+------------------+----------------+
|  clk_ssd_BUFG | an3_i_1_n_0   | clean_reset/AR[0]               |                1 |              4 |
|  clk_ssd_BUFG |               |                                 |                4 |              6 |
|  clk_ssd_BUFG |               | clean_reset/AR[0]               |                3 |              8 |
|  clk_ssd_BUFG |               | clean_reset/clear               |                6 |             22 |
|  clk_ssd_BUFG |               | clean_bnt/counter[0]_i_1__1_n_0 |                6 |             22 |
+---------------+---------------+---------------------------------+------------------+----------------+


